
> vite_react_shadcn_ts@0.0.0 build
> vite build

npm : [33mThe 
project root contains 
the "#" character ([3
6mC:/Users/SUMBROTA/De
sktop/#Theory/alpha-ge
n-future-ready-main/al
pha-gen-future-ready-m
ain[33m), which may 
not work when running 
Vite. Consider 
renaming the 
directory to remove 
the characters.[39m
At line:1 char:1
+ npm run build > 
build_output.txt 2>&1
+ ~~~~~~~~~~~~~~~~~~~~
~~~~~~~~~~~~~~~~~
    + CategoryInfo    
          : NotSpeci  
  fied: ([33mThe p   
 rojec...haracters    
.[39m:String) []    
, RemoteException
    + FullyQualifiedE 
   rrorId : NativeCo  
  mmandError
 
[36mvite v5.4.19 [32mbuilding for production...[36m[39m
transforming...
[32mΓ£ô[39m 2 modules transformed.
[31mx[39m Build 
failed in 695ms
[31merror during 
build:
[31m[vite]: Rollup 
failed to resolve 
import 
"/src/main.tsx" from "
C:\Users\SUMBROTA\Desk
top\#Theory\alpha-gen-
future-ready-main\alph
a-gen-future-ready-mai
n\index.html".
This is most likely 
unintended because it 
can break your 
application at 
runtime.
If you do want to 
externalize this 
module explicitly add 
it to
`build.rollupOptions.e
xternal`[31m
    at viteWarn (file:
///C:/Users/SUMBROTA/D
esktop/%23Theory/alpha
-gen-future-ready-main
/alpha-gen-future-read
y-main/node_modules/vi
te/dist/node/chunks/de
p-C6uTJdX2.js:65839:17
)
    at onwarn (file://
/C:/Users/SUMBROTA/Des
ktop/%23Theory/alpha-g
en-future-ready-main/a
lpha-gen-future-ready-
main/node_modules/@vit
ejs/plugin-react-swc/i
ndex.js:90:7)
    at 
onRollupWarning (file:
///C:/Users/SUMBROTA/D
esktop/%23Theory/alpha
-gen-future-ready-main
/alpha-gen-future-read
y-main/node_modules/vi
te/dist/node/chunks/de
p-C6uTJdX2.js:65869:5)
    at onwarn (file://
/C:/Users/SUMBROTA/Des
ktop/%23Theory/alpha-g
en-future-ready-main/a
lpha-gen-future-ready-
main/node_modules/vite
/dist/node/chunks/dep-
C6uTJdX2.js:65534:7)
    at file:///C:/User
s/SUMBROTA/Desktop/%23
Theory/alpha-gen-futur
e-ready-main/alpha-gen
-future-ready-main/nod
e_modules/rollup/dist/
es/shared/node-entry.j
s:19393:13
    at Object.logger 
[as onLog] (file:///C:
/Users/SUMBROTA/Deskto
p/%23Theory/alpha-gen-
future-ready-main/alph
a-gen-future-ready-mai
n/node_modules/rollup/
dist/es/shared/node-en
try.js:21119:9)
    at ModuleLoader.ha
ndleInvalidResolvedId 
(file:///C:/Users/SUMB
ROTA/Desktop/%23Theory
/alpha-gen-future-read
y-main/alpha-gen-futur
e-ready-main/node_modu
les/rollup/dist/es/sha
red/node-entry.js:2000
8:26)
    at file:///C:/User
s/SUMBROTA/Desktop/%23
Theory/alpha-gen-futur
e-ready-main/alpha-gen
-future-ready-main/nod
e_modules/rollup/dist/
es/shared/node-entry.j
s:19966:26[39m
